// Jest Snapshot v1, https://goo.gl/fbAQLP

exports[`App renders the app skeleton 1`] = `
<div>
  <div
    class=""
  >
    <div>
      Toolbar
    </div>
    <div
      class=""
    >
      <div>
        DndContext
      </div>
      <div
        class="undefined"
      />
    </div>
  </div>
</div>
`;
