// Jest Snapshot v1, https://goo.gl/fbAQLP

exports[`App renders the app skeleton 1`] = `
<div>
  <div
    class="data-visualizer-app flex-ct flex-dir-col"
  >
    <div>
      Toolbar
    </div>
    <div
      class="section-main flex-grow-1 flex-ct"
    >
      <div>
        DndContext
      </div>
    </div>
  </div>
</div>
`;